[www.tirupurexpress.com/index.html]
[backblue.gif]
[fade.gif]
[index.html]
[www.tirupurexpress.com/public/uploads/site_photos/57b9822606aa795498f7f4196b11a5b4.png]
[www.tirupurexpress.com/public/frontend/css/bootstrap.min.css]
[www.tirupurexpress.com/public/frontend/css/jquery-ui.css]
[www.tirupurexpress.com/public/frontend/css/animate.min.css]
[www.tirupurexpress.com/public/frontend/css/magnific-popup.css]
[www.tirupurexpress.com/public/frontend/css/owl.carousel.min.css]
[www.tirupurexpress.com/public/frontend/css/dataTables.bootstrap4.min.css]
[www.tirupurexpress.com/public/frontend/css/select2.min.css]
[www.tirupurexpress.com/public/frontend/css/select2-bootstrap.min.css]
[www.tirupurexpress.com/public/frontend/css/meanmenu.css]
[www.tirupurexpress.com/public/frontend/css/spacing.css]
[www.tirupurexpress.com/public/frontend/css/summernote-bs4.min.css]
[www.tirupurexpress.com/public/frontend/css/jquery.timepicker.css]
[www.tirupurexpress.com/public/frontend/css/toastr.min.css]
[www.tirupurexpress.com/public/frontend/css/sweetalert2.min.css]
[www.tirupurexpress.com/public/frontend/fontawesome-free/css/all.min.css]
[www.tirupurexpress.com/public/frontend/css/style.css]
[www.tirupurexpress.com/public/frontend/js/jquery-3.6.0.min.js]
[www.tirupurexpress.com/public/frontend/js/bootstrap.min.js]
[www.tirupurexpress.com/public/frontend/js/jquery-ui.js]
[www.tirupurexpress.com/public/frontend/js/jquery.magnific-popup.min.js]
[www.tirupurexpress.com/public/frontend/js/owl.carousel.min.js]
[www.tirupurexpress.com/public/frontend/js/wow.min.js]
[www.tirupurexpress.com/public/frontend/js/jquery.meanmenu.js]
[www.tirupurexpress.com/public/frontend/js/jquery.dataTables.min.js]
[www.tirupurexpress.com/public/frontend/js/dataTables.bootstrap4.min.js]
[www.tirupurexpress.com/public/frontend/js/select2.full.js]
[www.tirupurexpress.com/public/frontend/js/jquery.timepicker.js]
[www.tirupurexpress.com/public/frontend/js/summernote-bs4.min.js]
[www.tirupurexpress.com/public/frontend/js/fontawesome-iconpicker.js]
[www.tirupurexpress.com/public/frontend/js/toastr.min.js]
[www.tirupurexpress.com/public/frontend/js/sweetalert2.min.js]
[www.paypalobjects.com/api/checkout.js]
[www.google.com/recaptcha/api.js]
[www.tirupurexpress.com/public/uploads/banner_ads/62d7dcb9bb6ab.jpg]
[www.tirupurexpress.com/public/uploads/banner_ads/62cffe1a33965.jpg]
[www.tirupurexpress.com/public/uploads/banner_ads/62d7dccd0781b.jpg]
[www.tirupurexpress.com/public/uploads/site_photos/5d1b04d5acff82b7db0d4e8ddee32751.png]
[www.tirupurexpress.com/listing-resultbc38.html]
[www.tirupurexpress.com/contact.html]
[www.tirupurexpress.com/customer/login.html]
[www.tirupurexpress.com/public/uploads/site_photos/3c9e99bff4c1b274b606c86d30d3a351.jpg]
[www.tirupurexpress.com/public/uploads/listing_category_photos/c1a1a83e4afe3782f99b4f37492681a6.jpg]
[www.tirupurexpress.com/listing/category/real-estate.html]
[www.tirupurexpress.com/public/uploads/listing_category_photos/2cc2dd7949e7ab586be3882f9d5151fe.jpg]
[www.tirupurexpress.com/listing/category/advertisements.html]
[www.tirupurexpress.com/public/uploads/listing_category_photos/3f4d864199a64d08c04f58b20b9851ca.jpg]
[www.tirupurexpress.com/listing/category/interiordecorator.html]
[www.tirupurexpress.com/public/uploads/listing_category_photos/4b0aee4713d86547bd4d717029700d6a.jpg]
[www.tirupurexpress.com/listing/category/computers.html]
[www.tirupurexpress.com/public/uploads/listing_category_photos/2867de87954b1ff9f94c044cf4bbe149.jpg]
[www.tirupurexpress.com/listing/category/waterpurifiers.html]
[www.tirupurexpress.com/public/uploads/listing_category_photos/23090040187818a2df294b577a9d2f98.jpg]
[www.tirupurexpress.com/listing/category/homeautomation.html]
[www.tirupurexpress.com/public/uploads/listing_banner_photos/d29f273f9681e9a9edd4d3f7aebbf05c.jpg]
[www.tirupurexpress.com/public/uploads/listing_banner_photos/79b774211a4e1535d980205a0c89c27e.jpg]
[www.tirupurexpress.com/listing/artocreativestudio.html]
[www.tirupurexpress.com/public/uploads/listing_banner_photos/24c753eec542ee2cb566e07b02d79db1.jpg]
[www.tirupurexpress.com/public/uploads/listing_banner_photos/f919dfb8efa475deb9c8ca6667c8b231.jpg]
[www.tirupurexpress.com/listing/cjwater-solutions.html]
[www.tirupurexpress.com/public/uploads/listing_banner_photos/26abfcff6ef6f58593a2b41b9df96785.jpg]
[www.tirupurexpress.com/listing/vee-arr-polymarbles.html]
[www.tirupurexpress.com/public/uploads/listing_banner_photos/1d7ef795bbee52b5653335e538a4c78d.jpg]
[www.tirupurexpress.com/public/uploads/listing_banner_photos/ebbbf15e015ace032cf3efc1a8d6609c.jpg]
[www.tirupurexpress.com/listing/CloudTechComputers.html]
[www.tirupurexpress.com/public/uploads/listing_banner_photos/dca0a0f7145012a993ecbfc4147372cf.jpg]
[www.tirupurexpress.com/public/uploads/listing_featured_photos/784074193ebcaca686d01a45cf0adeb5.jpg]
[www.tirupurexpress.com/public/uploads/listing_featured_photos/d8d001e83027eb73adad4dd4fa9581c1.jpg]
[www.tirupurexpress.com/listing/SMARTCREATORS.html]
[www.tirupurexpress.com/public/uploads/listing_featured_photos/7db1747c7407d3d22e6348ceb8414dc1.jpg]
[www.tirupurexpress.com/listing/category/customizedprinting.html]
[www.tirupurexpress.com/public/uploads/listing_featured_photos/f05d2834f438931b9304f4e46be54313.jpg]
[www.tirupurexpress.com/listing/WESTERNGHATS.html]
[www.tirupurexpress.com/public/uploads/listing_featured_photos/c840e1296216e38afdb510eace78c179.jpg]
[www.tirupurexpress.com/public/uploads/listing_location_photos/d02931b48a4ec929a89e00b5aab29f5b.jpg]
[www.tirupurexpress.com/listing/location/tirupur.html]
[www.tirupurexpress.com/public/uploads/listing_location_photos/c9349bbbda5aa6ef2b7a631e8b3d15a2.jpg]
[www.tirupurexpress.com/listing/location/erode.html]
[www.tirupurexpress.com/public/uploads/listing_location_photos/ea5c661d3ef1a6c39d648047ff31f0ea.jpg]
[www.tirupurexpress.com/listing/location/coimbatore.html]
[www.tirupurexpress.com/listing/category/accountsandauditing.html]
[www.tirupurexpress.com/listing/category/astrologer.html]
[www.tirupurexpress.com/listing/category/automobiles.html]
[www.tirupurexpress.com/listing/category/bankingandfinance.html]
[www.tirupurexpress.com/privacy-policy.html]
[www.tirupurexpress.com/terms-and-conditions.html]
[www.tirupurexpress.com/cdn-cgi/l/email-protection.html]
[www.tirupurexpress.com/cdn-cgi/scripts/5c5dd728/cloudflare-static/email-decode.min.js]
[www.tirupurexpress.com/public/frontend/js/custom.js]
[www.tirupurexpress.com/public/frontend/js/ltr.js]
[www.tirupurexpress.com/index.html]
[www.tirupurexpress.com/public/frontend/css/bootstrap.min.css]
[www.tirupurexpress.com/public/frontend/css/images/ui-icons_444444_256x240.png]
[www.tirupurexpress.com/public/frontend/css/images/ui-icons_555555_256x240.png]
[www.tirupurexpress.com/public/frontend/css/images/ui-icons_ffffff_256x240.png]
[www.tirupurexpress.com/public/frontend/css/images/ui-icons_777620_256x240.png]
[www.tirupurexpress.com/public/frontend/css/images/ui-icons_cc0000_256x240.png]
[www.tirupurexpress.com/public/frontend/css/images/ui-icons_777777_256x240.png]
[www.tirupurexpress.com/public/frontend/css/jquery-ui.css]
[www.tirupurexpress.com/public/frontend/css/animate.min.css]
[www.tirupurexpress.com/public/frontend/css/magnific-popup.css]
[www.tirupurexpress.com/public/frontend/css/owl.video.play.png]
[www.tirupurexpress.com/public/frontend/css/owl.carousel.min.css]
[www.tirupurexpress.com/public/frontend/css/dataTables.bootstrap4.min.css]
[www.tirupurexpress.com/public/frontend/css/select2.min.css]
[www.tirupurexpress.com/public/frontend/css/select2-bootstrap.min.css]
[www.tirupurexpress.com/public/frontend/css/meanmenu.css]
[www.tirupurexpress.com/public/frontend/css/spacing.css]
[www.tirupurexpress.com/public/frontend/font/summernote.eot]
[www.tirupurexpress.com/public/frontend/font/summernoted41d.eot]
[www.tirupurexpress.com/public/frontend/font/summernote.woff2]
[www.tirupurexpress.com/public/frontend/font/summernote.woff]
[www.tirupurexpress.com/public/frontend/css/summernote-bs4.min.css]
[www.tirupurexpress.com/public/frontend/css/jquery.timepicker.css]
[www.tirupurexpress.com/public/frontend/css/toastr.min.css]
[www.tirupurexpress.com/public/frontend/css/sweetalert2.min.css]
[www.tirupurexpress.com/public/frontend/font/summernote.ttf]
[www.tirupurexpress.com/public/frontend/fontawesome-free/webfonts/fa-brands-400.eot]
[www.tirupurexpress.com/public/frontend/fontawesome-free/webfonts/fa-brands-400d41d.eot]
[www.tirupurexpress.com/public/frontend/fontawesome-free/webfonts/fa-brands-400.woff2]
[www.tirupurexpress.com/public/frontend/fontawesome-free/webfonts/fa-brands-400.woff]
[www.tirupurexpress.com/public/frontend/fontawesome-free/webfonts/fa-brands-400.ttf]
[www.tirupurexpress.com/public/frontend/fontawesome-free/webfonts/fa-brands-400.svg]
[www.tirupurexpress.com/public/frontend/fontawesome-free/webfonts/fa-regular-400.eot]
[www.tirupurexpress.com/public/frontend/fontawesome-free/webfonts/fa-regular-400d41d.eot]
[www.tirupurexpress.com/public/frontend/fontawesome-free/webfonts/fa-regular-400.woff2]
[www.tirupurexpress.com/public/frontend/fontawesome-free/webfonts/fa-regular-400.woff]
[www.tirupurexpress.com/public/frontend/fontawesome-free/webfonts/fa-regular-400.ttf]
[www.tirupurexpress.com/public/frontend/fontawesome-free/webfonts/fa-regular-400.svg]
[www.tirupurexpress.com/public/frontend/fontawesome-free/webfonts/fa-solid-900.eot]
[www.tirupurexpress.com/public/frontend/fontawesome-free/webfonts/fa-solid-900d41d.eot]
[www.tirupurexpress.com/public/frontend/fontawesome-free/webfonts/fa-solid-900.woff2]
[www.tirupurexpress.com/public/frontend/fontawesome-free/webfonts/fa-solid-900.woff]
[www.tirupurexpress.com/public/frontend/fontawesome-free/webfonts/fa-solid-900.ttf]
[www.tirupurexpress.com/public/frontend/fontawesome-free/css/all.min.css]
[www.tirupurexpress.com/public/frontend/css/style.css]
[www.tirupurexpress.com/public/frontend/fontawesome-free/webfonts/fa-solid-900.svg]
[www.tirupurexpress.com/public/uploads/listing_featured_photos/37f3f53405d024134fbba575afdbcf60.jpg]
[www.tirupurexpress.com/listing/sunface-technologies.html]
[www.tirupurexpress.com/public/uploads/listing_featured_photos/707234c32531affe2326ec69f6911e87.jpg]
[www.tirupurexpress.com/listing/maayaasmartautomation.html]
[www.tirupurexpress.com/public/uploads/listing_featured_photos/726975dbdb8339c29daec36f90cae5a9.jpg]
[www.tirupurexpress.com/listing/MGPROPERTIESPRIVATELIMITED.html]
[www.tirupurexpress.com/public/uploads/listing_featured_photos/4fe8d9b056f07a396b63b6068fd5443e.jpg]
[www.tirupurexpress.com/listing-resultbc38.html]
[www.tirupurexpress.com/contact.html]
[www.tirupurexpress.com/customer/forget-password.html]
[www.tirupurexpress.com/customer/login.html]
[www.tirupurexpress.com/customer/register.html]
[www.tirupurexpress.com/listing/category/all.html]
[www.tirupurexpress.com/listing/testing.html]
[www.tirupurexpress.com/public/uploads/listing_featured_photos/9678957c00f7c25a5447ed4ee8ca1ed7.jpg]
[www.tirupurexpress.com/listing/category/real-estate.html]
[www.tirupurexpress.com/listing/category/advertisements.html]
[www.tirupurexpress.com/listing/category/interiordecorator.html]
[www.tirupurexpress.com/listing/category/computers.html]
[www.tirupurexpress.com/listing/category/waterpurifiers.html]
[www.tirupurexpress.com/listing/category/homeautomation.html]
[platform-api.sharethis.com/js/sharethis.js]
[www.tirupurexpress.com/public/uploads/listing_photos/ae20aa2462ff8a06d9e7f1d6dd4b150e.jpg]
[www.tirupurexpress.com/public/uploads/listing_photos/1b964bb2395080a683764797a4e055b8.jpg]
[www.tirupurexpress.com/public/uploads/listing_photos/c88f62479e61dc1806ac49ed3363c989.jpg]
[www.tirupurexpress.com/public/uploads/user_photos/default_photo.jpg]
[www.tirupurexpress.com/agent/user/24.html]
[www.tirupurexpress.com/listing/category/beautyandcosmetics.html]
[www.tirupurexpress.com/listing/category/borewellcontractors.html]
[www.tirupurexpress.com/listing/category/builders.html]
[www.tirupurexpress.com/listing/category/buildingmaterial.html]
[www.tirupurexpress.com/listing/category/courierandcargo.html]
[www.tirupurexpress.com/listing/category/dailyconsumables.html]
[www.tirupurexpress.com/listing/category/dressesandaccessories.html]
[www.tirupurexpress.com/listing/category/education.html]
[www.tirupurexpress.com/listing/category/electricalandequipment.html]
[www.tirupurexpress.com/listing/category/entertainment.html]
[www.tirupurexpress.com/listing/category/eventorganiser.html]
[www.tirupurexpress.com/listing/category/foodsandfoodProducts.html]
[www.tirupurexpress.com/listing/category/forrentandlease.html]
[www.tirupurexpress.com/listing/category/functionhall.html]
[www.tirupurexpress.com/listing/category/furnitureappliances.html]
[www.tirupurexpress.com/listing/category/garmentsaccessoryproducts.html]
[www.tirupurexpress.com/listing/category/garmentsdyeing.html]
[www.tirupurexpress.com/listing/category/garmentsfurniture.html]
[www.tirupurexpress.com/listing/category/garmentsmachineries.html]
[www.tirupurexpress.com/listing/category/garmentsmanufacturer.html]
[www.tirupurexpress.com/listing/category/garmentsprinters.html]
[www.tirupurexpress.com/listing/category/giftsandaccessories.html]
[www.tirupurexpress.com/listing/category/granitesandtiles.html]
[www.tirupurexpress.com/listing/category/hospitals.html]
[www.tirupurexpress.com/listing/category/hotelsandaccomodation.html]
[www.tirupurexpress.com/listing/category/housekeeping.html]
[www.tirupurexpress.com/listing/category/industry.html]
[www.tirupurexpress.com/listing/category/industryhardwareandtools.html]
[www.tirupurexpress.com/listing/category/jewellery.html]
[www.tirupurexpress.com/listing/category/matrimonial.html]
[www.tirupurexpress.com/listing/category/mobilesphones.html]
[www.tirupurexpress.com/listing/category/offsetsandprints.html]
[www.tirupurexpress.com/listing/category/optical.html]
[www.tirupurexpress.com/listing/category/orphanagesandhostels.html]
[www.tirupurexpress.com/listing/category/petsandpetproducts.html]
[www.tirupurexpress.com/listing/category/safetyandsecurity.html]
[www.tirupurexpress.com/listing/category/sportsandfitness.html]
[www.tirupurexpress.com/listing/category/toursandtravels.html]
[www.tirupurexpress.com/listing/category/trustsandassociations.html]
[www.tirupurexpress.com/listing/artocreativestudio.html]
[www.tirupurexpress.com/listing/category/yarnsandmills.html]
[www.tirupurexpress.com/public/uploads/listing_photos/acea44719af4cdc9d1197ec66b5d4b9c.jpg]
[www.tirupurexpress.com/public/uploads/listing_photos/b91c478a5ea7c7211c6a8dfab48b2b20.jpg]
[www.tirupurexpress.com/public/uploads/listing_photos/d4290d290dab94c9706dbe04b59a0f0a.jpg]
[www.tirupurexpress.com/public/uploads/listing_photos/fc53b6aa7e39bdf4fe9909822e40e7b4.jpg]
[www.tirupurexpress.com/public/uploads/listing_photos/2ae504096bce3380ed20fa51fd3901f8.jpg]
[www.tirupurexpress.com/public/uploads/listing_photos/9335aaf68c2abed2c08888036236ea77.jpg]
[www.tirupurexpress.com/public/uploads/listing_photos/d47a2ef4de4513a39e377e4e98606591.jpg]
[www.tirupurexpress.com/public/uploads/listing_photos/b2333375d928b6c97f7a9e5498709bef.jpg]
[www.tirupurexpress.com/public/uploads/listing_photos/a746a506941be2356d6213827912fec2.jpg]
[www.tirupurexpress.com/public/uploads/listing_photos/e2511e8e19985919bea586f1a103c6ff.jpg]
[www.tirupurexpress.com/public/uploads/listing_photos/c394416b6878d84bcdafdaa12edbcd2c.jpg]
[www.tirupurexpress.com/public/uploads/listing_photos/84ae2b521d752bf00265e1e869a52bdf.jpg]
[www.tirupurexpress.com/public/uploads/listing_photos/d4ddaffbbe842041365a62e475688eb1.jpg]
[www.tirupurexpress.com/public/uploads/listing_photos/bb4b06ec56c4b2ad62d7c4617f843d74.jpg]
[www.tirupurexpress.com/public/uploads/listing_photos/2ed863a724aa3c53ac8e62e5068250da.jpg]
[www.tirupurexpress.com/public/uploads/user_photos/1dce50f1a85242666c2bfcaf6c44531e.jpg]
[www.tirupurexpress.com/listing/cjwater-solutions.html]
[www.tirupurexpress.com/agent/user/36.html]
[www.tirupurexpress.com/public/uploads/listing_photos/b85bf8aac39e5e62776da26d7a29c285.jpg]
[www.tirupurexpress.com/public/uploads/listing_photos/0921fb31bab76718985a39f5b0bc195c.jpg]
[www.tirupurexpress.com/public/uploads/listing_photos/4e6f82867f16deec9e3d2382c6e3b39a.jpg]
[www.tirupurexpress.com/public/uploads/listing_photos/4f33d183572c4e785adf4319fe1e3df7.jpg]
[www.tirupurexpress.com/public/uploads/listing_photos/f288649be95afd6b3502075e6f6fe8e0.jpg]
[www.tirupurexpress.com/public/uploads/listing_photos/30fe8c56c923c4c6ead8b2a383def74f.jpg]
[www.tirupurexpress.com/listing/vee-arr-polymarbles.html]
[www.tirupurexpress.com/agent/user/33.html]
[www.tirupurexpress.com/agent/user/35.html]
[www.tirupurexpress.com/listing/CloudTechComputers.html]
[www.tirupurexpress.com/public/uploads/user_photos/3634eca4fdc06e23a6e367f355d3472b.jpg]
[www.tirupurexpress.com/listing/SMARTCREATORS.html]
[www.tirupurexpress.com/agent/user/42.html]
[www.tirupurexpress.com/listing/category/customizedprinting.html]
[www.tirupurexpress.com/listing/WESTERNGHATS.html]
[www.tirupurexpress.com/agent/user/55.html]
[www.tirupurexpress.com/listing/location/all.html]
[www.tirupurexpress.com/listing/location/tirupur.html]
[www.tirupurexpress.com/listing/location/erode.html]
[www.tirupurexpress.com/listing/location/coimbatore.html]
[www.tirupurexpress.com/listing/category/accountsandauditing.html]
[www.tirupurexpress.com/listing/category/astrologer.html]
[www.tirupurexpress.com/listing/category/automobiles.html]
[www.tirupurexpress.com/listing/category/bankingandfinance.html]
[www.tirupurexpress.com/privacy-policy.html]
[www.tirupurexpress.com/terms-and-conditions.html]
[www.tirupurexpress.com/cdn-cgi/l/email-protection.html]
[www.tirupurexpress.com/public/frontend/css/images/ui-icons_444444_256x240.html]
[www.tirupurexpress.com/public/frontend/css/images/ui-icons_555555_256x240.html]
[www.tirupurexpress.com/public/frontend/css/images/ui-icons_ffffff_256x240.html]
[www.tirupurexpress.com/public/frontend/css/images/ui-icons_777620_256x240.html]
[www.tirupurexpress.com/public/frontend/css/images/ui-icons_cc0000_256x240.html]
[www.tirupurexpress.com/public/frontend/css/images/ui-icons_777777_256x240.html]
[www.tirupurexpress.com/public/frontend/css/owl.video.play.html]
[www.tirupurexpress.com/public/frontend/fontawesome-free/webfonts/fa-brands-400.svg]
[www.tirupurexpress.com/public/frontend/fontawesome-free/webfonts/fa-regular-400.svg]
[www.tirupurexpress.com/public/frontend/fontawesome-free/webfonts/fa-solid-900.svg]
[www.tirupurexpress.com/listing/sunface-technologies.html]
[www.tirupurexpress.com/listing/maayaasmartautomation.html]
[www.tirupurexpress.com/listing/MGPROPERTIESPRIVATELIMITED.html]
[www.tirupurexpress.com/customer/forget-password.html]
[www.tirupurexpress.com/customer/register.html]
[www.tirupurexpress.com/listing/category/all.html]
